<!DOCTYPE html>
<!--[if lt IE 7]><html lang="ru" class="lt-ie9 lt-ie8 lt-ie7"><![endif]-->
<!--[if IE 7]><html lang="ru" class="lt-ie9 lt-ie8"><![endif]-->
<!--[if IE 8]><html lang="ru" class="lt-ie9"><![endif]-->
<!--[if gt IE 8]><!-->
<html lang="ru">
<!--<![endif]-->
<head>
	<meta charset="utf-8" />
	<title>Golden</title>
	<meta name="description" content="" />
	<meta http-equiv="X-UA-Compatible" content="IE=edge" />
	<meta name="viewport" content="width=device-width, initial-scale=1.0" />
	<link rel="shortcut icon" href="favicon.png" />
	<link rel="stylesheet" href="libs/bootstrap/bootstrap-grid-3.3.1.min.css" />
	<link rel="stylesheet" href="libs/font-awesome-4.2.0/css/font-awesome.min.css" />
	<link rel="stylesheet" href="css/fonts.css" />
	<link rel="stylesheet" href="css/main.css" />
</head>
<body>
	
	<header id="home">
		<div class="container">
			<div class="row">
				<div class="top-line">
					<div class="col-md-6">
						<div class="logo">Golden</div>
					</div>
					<div class="col-md-6">
						<ul class="nav default">
							<li><a href="#home" class="default">Home</a></li>
							<li><a href="#serv" class="default">Services</a></li>
							<li><a href="#port" class="default">Portfolio</a></li>
							<li><a href="#abot" class="default">About</a></li>
							<li><a href="#cont" class="default">Contact</a></li>
						</ul>
					</div>
				</div>
			</div>
			<div class="row">
				<div class="top-center">
					<div class="col-md-12">
						<p class="welc">Welcome To Our Studio</p>
						<h1>It's nice to meet you</h1>
						<button>Tell me more</button>
					</div>
				</div>
			</div>
		</div>
	</header>

	<section class="services" id="serv">
		<div class="container">
			<div class="row">
				<div class="col-md-12">
					<h2>Services</h2>
					<h3>Lorem ipsum dolor sit amet.</h3>
					<div class="col-md-4">
						<div class="sprite"></div>
						<h4>E-Commerce</h4>
						<p>Lorem ipsum dolor sit amet, consectetur adipisicing elit. Necessitatibus vero culpa ipsam maxime modi illum debitis quod eveniet dolore iste.</p>
					</div>
					<div class="col-md-4">
						<div class="sprite resp"></div>
						<h4>Responsive Web</h4>
						<p>Lorem ipsum dolor sit amet, consectetur adipisicing elit. Necessitatibus vero culpa ipsam maxime modi illum debitis quod eveniet dolore iste.</p>
					</div>
					<div class="col-md-4">
						<div class="sprite sec"></div>
						<h4>Web Security</h4>
						<p>Lorem ipsum dolor sit amet, consectetur adipisicing elit. Necessitatibus vero culpa ipsam maxime modi illum debitis quod eveniet dolore iste.</p>
					</div>
				</div>
			</div>
		</div>
	</section>

	<section class="portfolio" id="port">
		<div class="container">
			<div class="row">
				<div class="col-md-12">
					<h2>Our porfolio</h2>
					<h3>Lorem ipsum dolor sit amet.</h3>
				</div>
				<div class="col-md-4">
					<figure class="topfig">
						<img src="img/post1.png" alt="post">
						<figcaption>
							<h4>Ebony &#38; Ivory</h4>
							<p>Branding</p>
						</figcaption>
					</figure>
					<figure>
						<img src="img/post4.png" alt="post">
						<figcaption>
							<h4>Vinyl Record</h4>
							<p>Product Mock-Up</p>
						</figcaption>
					</figure>
				</div>
				<div class="col-md-4">
					<figure class="topfig">
						<img src="img/post2.png" alt="post">
						<figcaption>
							<h4>Smart Stationary</h4>
							<p>Print Design</p>
						</figcaption>
					</figure>
					<figure>
						<img src="img/post5.png" alt="post">
						<figcaption>
							<h4>Treehouse</h4>
							<p>Web Design</p>
						</figcaption>
					</figure>
				</div>
				<div class="col-md-4">
					<figure class="topfig">
					<img src="img/post3.png" alt="post">
						<figcaption>
							<h4>Clever Poster</h4>
							<p>Print Design</p>
						</figcaption>
					</figure>
					<figure>
					<img src="img/post6.png" alt="post">
						<figcaption>
							<h4>Burned Logo</h4>
							<p>Branding</p>
						</figcaption>
					</figure>
				</div>
			</div>
		</div>
	</section>

	<section class="about" id="abot">
		<div class="container">
			<div class="row">
				<div class="col-md-12">
					<h2>About us</h2>
					<h3>Lorem ipsum dolor sit amet.</h3>
				</div>
			</div>
			<div class="row">
				<div class="col-md-7 right">
					<img src="img/about1.png" alt="abot">
					<h4>JULY 2010<br />Our Humble Beginnngs</h4>
					<p>Lorem ipsum dolor sit amet, consectetur adipisicing elit. Labore molestias explicabo iste debitis sapiente et aut excepturi aspernatur deserunt accusantium. Corrupti placeat ex aliquid consequatur eligendi recusandae error hic amet!</p>
				</div>
			</div>
			<div class="row">
				<div class="col-md-7 col-md-offset-5 left">
					<img src="img/about2.png" alt="abot">
					<h4>JULY 2010<br />Our Humble Beginnngs</h4>
					<p>Lorem ipsum dolor sit amet, consectetur adipisicing elit. Temporibus corrupti libero tempora non laboriosam eius nihil praesentium. Aliquid repellat sint illo! Fugiat praesentium cupiditate, quo porro harum ipsum aut fuga.</p>
				</div>
			</div>
			<div class="row">
				<div class="col-md-7 right">
					<img src="img/about1.png" alt="abot">
					<h4>JULY 2010<br />Our Humble Beginnngs</h4>
					<p>Lorem ipsum dolor sit amet, consectetur adipisicing elit. Consectetur labore tempore iste quidem repellat iure, possimus officia, aspernatur non neque in ab ratione temporibus iusto nesciunt ipsum dolorem reprehenderit repudiandae?</p>
				</div>
			</div>
			<div class="row">
				<div class="col-md-7 col-md-offset-5 left">
					<img src="img/about2.png" alt="abot">
					<h4>JULY 2010<br />Our Humble Beginnngs</h4>
					<p>Lorem ipsum dolor sit amet, consectetur adipisicing elit. Omnis repellendus delectus, nemo, et blanditiis magni harum fugit adipisci. Officiis cumque veniam amet quod magnam possimus est nemo nisi voluptas. Fugiat!</p>
				</div>
			</div>
			<div class="row">
				<div class="col-md-7 right">
					<img src="img/about5.png" alt="abot">
				</div>
			</div>
		</div>
	</section>

	<section class="team">
		<div class="container">
			<div class="row">
				<div class="col-md-12">
					<h2>Our amazing team</h2>
					<h3>Lorem ipsum dolor sit amet.</h3>
				</div>
				<div class="col-md-4">
					<figure>
						<img src="img/photo.png" alt="photo">
						<figcaption>
						<h4>Kimberly Thompson</h4>
						<p>Marketer</p>
						<ul class="cont">
							<li><i class="fa fa-skype"></i></li>
							<li><i class="fa fa-facebook-square"></i></li>
							<li><i class="fa fa-vk"></i></li>
						</ul>
						</figcaption>
					</figure>
				</div>
				<div class="col-md-4">
					<figure>
						<img src="img/photo.png" alt="photo">
						<figcaption>
						<h4>Kimberly Thompson</h4>
						<p>Marketer</p>
						<ul class="cont">
							<li><i class="fa fa-skype"></i></li>
							<li><i class="fa fa-facebook-square"></i></li>
							<li><i class="fa fa-vk"></i></li>
						</ul>
						</figcaption>
					</figure>
				</div>
				<div class="col-md-4">
					<figure>
						<img src="img/photo.png" alt="photo">
						<figcaption>
						<h4>Kimberly Thompson</h4>
						<p>Marketer</p>
						<ul class="cont">
							<li><i class="fa fa-skype"></i></li>
							<li><i class="fa fa-facebook-square"></i></li>
							<li><i class="fa fa-vk"></i></li>
						</ul>
						</figcaption>
					</figure>
				</div>
				<div class="col-md-8 col-md-offset-2 pbottom">
					<p>Lorem ipsum dolor sit amet, consectetur adipisicing elit. Reprehenderit, dicta? Assumenda atque quas omnis, doloremque perferendis mollitia saepe obcaecati similique sint natus odio, facere hic placeat deleniti neque. Laborum, iure.</p>
				</div>
				<div class="col-md-10 col-md-offset-1">
					<div class="col-md-3 sprite-bottom envato"></div>
					<div class="col-md-3 sprite-bottom wp"></div>
					<div class="col-md-3 sprite-bottom ae"></div>
					<div class="col-md-3 sprite-bottom ml"></div>
				</div>
			</div>
		</div>
	</section>

	<section class="contacts" id="cont">
		<div class="container">
			<div class="row">
				<div class="col-md-12">
					<h2>Contacts</h2>
					<h3>Lorem ipsum dolor sit amet.</h3>
				</div>
				<div class="col-md-6">
					<form action="#">
						<input type="text" name="name" placeholder="Your name *">
						<input type="text" name="email" placeholder="Your e-mail *">
						<input type="text" name="subject" placeholder="Subject">
					</form>
				</div>
				<div class="col-md-6">
					<form action="#">
						<textarea name="message" cols="30" rows="9" placeholder="Your message *"></textarea>
					</form>
				</div>
				<div class="col-md-12">
					<button>Send message</button>
				</div>
			</div>
		</div>
	</section>

	<footer>
		<div class="container">
			<div class="row">
				<div class="col-md-2">
					<p>&#169; Copyright 2015</p>
				</div>
				<div class="col-md-12">
					<ul>
						<li><i class="fa fa-skype"></i></li>
						<li><i class="fa fa-facebook-square"></i></li>
						<li><i class="fa fa-vk"></i></li>
					</ul>
				</div>
			</div>
		</div>
	</footer>
	
	<!--[if lt IE 9]>
	<script src="libs/html5shiv/es5-shim.min.js"></script>
	<script src="libs/html5shiv/html5shiv.min.js"></script>
	<script src="libs/html5shiv/html5shiv-printshiv.min.js"></script>
	<script src="libs/respond/respond.min.js"></script>
	<![endif]-->
	<script src="libs/jquery/jquery-1.11.1.min.js"></script>
	<script src="libs/jquery-mousewheel/jquery.mousewheel.min.js"></script>
	<script src="libs/scrollto/jquery.scrollTo.min.js"></script>
	<script src="js/common.js"></script>
	<!-- Yandex.Metrika counter --><!-- /Yandex.Metrika counter -->
	<!-- Google Analytics counter --><!-- /Google Analytics counter -->
</body>
</html>